// Jest Snapshot v1, https://goo.gl/fbAQLP

exports[`renders renders 0 lines correctly 1`] = `
<ul
  className="LineCount-lines"
/>
`;

exports[`renders renders n lines correctly 1`] = `
<ul
  className="LineCount-lines"
>
  <li
    key="0"
  >
    1
    .
  </li>
  <li
    key="1"
  >
    2
    .
  </li>
  <li
    key="2"
  >
    3
    .
  </li>
  <li
    key="3"
  >
    4
    .
  </li>
  <li
    key="4"
  >
    5
    .
  </li>
  <li
    key="5"
  >
    6
    .
  </li>
  <li
    key="6"
  >
    7
    .
  </li>
  <li
    key="7"
  >
    8
    .
  </li>
  <li
    key="8"
  >
    9
    .
  </li>
  <li
    key="9"
  >
    10
    .
  </li>
  <li
    key="10"
  >
    11
    .
  </li>
  <li
    key="11"
  >
    12
    .
  </li>
</ul>
`;
